[codervent.com/snacked/demo/ltr/ecommerce-orders.html]
[codervent.com/snacked/demo/ltr/assets/images/favicon-32x32.png]
[codervent.com/snacked/demo/ltr/assets/plugins/simplebar/css/simplebar.css]
[codervent.com/snacked/demo/ltr/assets/plugins/perfect-scrollbar/css/perfect-scrollbar.css]
[codervent.com/snacked/demo/ltr/assets/plugins/metismenu/css/metisMenu.min.css]
[codervent.com/snacked/demo/ltr/assets/css/bootstrap.min.css]
[codervent.com/snacked/demo/ltr/assets/css/bootstrap-extended.css]
[codervent.com/snacked/demo/ltr/assets/css/style.css]
[codervent.com/snacked/demo/ltr/assets/css/icons.css]
[cdn.jsdelivr.net/npm/bootstrap-icons@1.5.0/font/bootstrap-icons.css]
[codervent.com/snacked/demo/ltr/assets/css/pace.min.css]
[codervent.com/snacked/demo/ltr/assets/css/dark-theme.css]
[codervent.com/snacked/demo/ltr/assets/css/light-theme.css]
[codervent.com/snacked/demo/ltr/assets/css/semi-dark.css]
[codervent.com/snacked/demo/ltr/assets/css/header-colors.css]
[backblue.gif]
[fade.gif]
[index.html]
[codervent.com/snacked/demo/ltr/ecommerce-products-grid.html]
[codervent.com/snacked/demo/ltr/component-media-object.html]
[codervent.com/snacked/demo/ltr/pages-user-profile.html]
[codervent.com/snacked/demo/ltr/ecommerce-orders-detail.html]
[codervent.com/snacked/demo/ltr/assets/images/avatars/avatar-1.png]
[codervent.com/snacked/demo/ltr/assets/images/avatars/avatar-2.png]
[codervent.com/snacked/demo/ltr/assets/images/avatars/avatar-3.png]
[codervent.com/snacked/demo/ltr/assets/images/avatars/avatar-4.png]
[codervent.com/snacked/demo/ltr/assets/images/avatars/avatar-5.png]
[codervent.com/snacked/demo/ltr/assets/images/avatars/avatar-6.png]
[codervent.com/snacked/demo/ltr/index2.html]
[codervent.com/snacked/demo/ltr/authentication-signup-with-header-footer.html]
[codervent.com/snacked/demo/ltr/assets/images/logo-icon.png]
[codervent.com/snacked/demo/ltr/index.html]
[codervent.com/snacked/demo/ltr/app-emailbox.html]
[codervent.com/snacked/demo/ltr/app-chat-box.html]
[codervent.com/snacked/demo/ltr/app-file-manager.html]
[codervent.com/snacked/demo/ltr/app-to-do.html]
[codervent.com/snacked/demo/ltr/app-invoice.html]
[codervent.com/snacked/demo/ltr/app-fullcalender.html]
[codervent.com/snacked/demo/ltr/widgets.html]
[codervent.com/snacked/demo/ltr/ecommerce-products-list.html]
[codervent.com/snacked/demo/ltr/ecommerce-products-categories.html]
[codervent.com/snacked/demo/ltr/ecommerce-add-new-product.html]
[codervent.com/snacked/demo/ltr/ecommerce-add-new-product-2.html]
[codervent.com/snacked/demo/ltr/ecommerce-transactions.html]
[codervent.com/snacked/demo/ltr/component-alerts.html]
[codervent.com/snacked/demo/ltr/component-accordions.html]
[codervent.com/snacked/demo/ltr/component-badges.html]
[codervent.com/snacked/demo/ltr/component-buttons.html]
[codervent.com/snacked/demo/ltr/component-cards.html]
[codervent.com/snacked/demo/ltr/component-carousels.html]
[codervent.com/snacked/demo/ltr/component-list-groups.html]
[codervent.com/snacked/demo/ltr/component-modals.html]
[codervent.com/snacked/demo/ltr/component-navs-tabs.html]
[codervent.com/snacked/demo/ltr/component-navbar.html]
[codervent.com/snacked/demo/ltr/component-paginations.html]
[codervent.com/snacked/demo/ltr/component-popovers-tooltips.html]
[codervent.com/snacked/demo/ltr/component-progress-bars.html]
[codervent.com/snacked/demo/ltr/component-spinners.html]
[codervent.com/snacked/demo/ltr/component-notifications.html]
[codervent.com/snacked/demo/ltr/component-avtars-chips.html]
[codervent.com/snacked/demo/ltr/icons-line-icons.html]
[codervent.com/snacked/demo/ltr/icons-boxicons.html]
[codervent.com/snacked/demo/ltr/icons-feather-icons.html]
[codervent.com/snacked/demo/ltr/form-elements.html]
[codervent.com/snacked/demo/ltr/form-input-group.html]
[codervent.com/snacked/demo/ltr/form-layouts.html]
[codervent.com/snacked/demo/ltr/form-validations.html]
[codervent.com/snacked/demo/ltr/form-wizard.html]
[codervent.com/snacked/demo/ltr/form-date-time-pickes.html]
[codervent.com/snacked/demo/ltr/form-select2.html]
[codervent.com/snacked/demo/ltr/table-basic-table.html]
[codervent.com/snacked/demo/ltr/table-advance-tables.html]
[codervent.com/snacked/demo/ltr/table-datatable.html]
[codervent.com/snacked/demo/ltr/authentication-signin.html]
[codervent.com/snacked/demo/ltr/authentication-signup.html]
[codervent.com/snacked/demo/ltr/authentication-forgot-password.html]
[codervent.com/snacked/demo/ltr/authentication-reset-password.html]
[codervent.com/snacked/demo/ltr/pages-timeline.html]
[codervent.com/snacked/demo/ltr/pages-errors-404-error.html]
[codervent.com/snacked/demo/ltr/pages-errors-500-error.html]
[codervent.com/snacked/demo/ltr/pages-errors-coming-soon.html]
[codervent.com/snacked/demo/ltr/pages-blank-page.html]
[codervent.com/snacked/demo/ltr/pages-faq.html]
[codervent.com/snacked/demo/ltr/pages-pricing-tables.html]
[codervent.com/snacked/demo/ltr/charts-apex-chart.html]
[codervent.com/snacked/demo/ltr/charts-chartjs.html]
[codervent.com/snacked/demo/ltr/charts-highcharts.html]
[codervent.com/snacked/demo/ltr/map-google-maps.html]
[codervent.com/snacked/demo/ltr/map-vector-maps.html]
[codervent.com/snacked/demo/ltr/assets/js/bootstrap.bundle.min.js]
[codervent.com/snacked/demo/ltr/assets/plugins/simplebar/js/simplebar.min.js]
[codervent.com/snacked/demo/ltr/assets/js/jquery.min.js]
[codervent.com/snacked/demo/ltr/assets/plugins/metismenu/js/metisMenu.min.js]
[codervent.com/snacked/demo/ltr/assets/plugins/perfect-scrollbar/js/perfect-scrollbar.js]
[codervent.com/snacked/demo/ltr/assets/js/pace.min.js]
[codervent.com/snacked/demo/ltr/assets/js/app.js]
[codervent.com/snacked/demo/ltr/ecommerce-orders.html]
[codervent.com/snacked/demo/ltr/assets/plugins/simplebar/css/simplebar.css]
[codervent.com/snacked/demo/ltr/assets/plugins/perfect-scrollbar/css/perfect-scrollbar.css]
[codervent.com/snacked/demo/ltr/assets/plugins/metismenu/css/metisMenu.min.css]
[codervent.com/snacked/demo/ltr/assets/css/bootstrap.min.css]
[codervent.com/snacked/demo/ltr/assets/css/bootstrap-extended.css]
[codervent.com/snacked/demo/ltr/assets/images/gallery/33.png]
[codervent.com/snacked/demo/ltr/assets/images/bg-login-img.png]
[codervent.com/snacked/demo/ltr/assets/images/bg-register-img.png]
[codervent.com/snacked/demo/ltr/assets/images/forgot-password.png]
[codervent.com/snacked/demo/ltr/assets/images/reset-password.png]
[codervent.com/snacked/demo/ltr/assets/css/style.css]
[codervent.com/snacked/demo/ltr/assets/fonts/boxicons.eot]
[codervent.com/snacked/demo/ltr/assets/fonts/boxicons.woff2]
[codervent.com/snacked/demo/ltr/assets/fonts/boxicons.woff]
[codervent.com/snacked/demo/ltr/assets/fonts/boxicons.ttf]
[codervent.com/snacked/demo/ltr/assets/fonts/LineIcons.eot]
[codervent.com/snacked/demo/ltr/assets/fonts/LineIcons.woff2]
[codervent.com/snacked/demo/ltr/assets/fonts/LineIcons.woff]
[codervent.com/snacked/demo/ltr/assets/fonts/LineIcons.ttf]
[codervent.com/snacked/demo/ltr/assets/css/icons.css]
[cdn.jsdelivr.net/npm/bootstrap-icons@1.5.0/font/fonts/bootstrap-icons63f3.woff2]
[cdn.jsdelivr.net/npm/bootstrap-icons@1.5.0/font/fonts/bootstrap-icons63f3.woff]
[cdn.jsdelivr.net/npm/bootstrap-icons@1.5.0/font/bootstrap-icons.css]
[codervent.com/snacked/demo/ltr/assets/css/pace.min.css]
[codervent.com/snacked/demo/ltr/assets/css/dark-theme.css]
[codervent.com/snacked/demo/ltr/assets/css/light-theme.css]
[codervent.com/snacked/demo/ltr/assets/css/semi-dark.css]
[codervent.com/snacked/demo/ltr/assets/css/header-colors.css]
[codervent.com/snacked/demo/ltr/assets/images/products/01.png]
[codervent.com/snacked/demo/ltr/assets/images/products/02.png]
[codervent.com/snacked/demo/ltr/assets/images/products/03.png]
[codervent.com/snacked/demo/ltr/assets/images/products/04.png]
[codervent.com/snacked/demo/ltr/assets/images/products/05.png]
[codervent.com/snacked/demo/ltr/assets/images/products/06.png]
[codervent.com/snacked/demo/ltr/assets/images/products/07.png]
[codervent.com/snacked/demo/ltr/assets/images/products/08.png]
[codervent.com/snacked/demo/ltr/assets/images/products/09.png]
[codervent.com/snacked/demo/ltr/assets/images/products/10.png]
[codervent.com/snacked/demo/ltr/ecommerce-products-grid.html]
[codervent.com/snacked/demo/ltr/assets/images/avatars/avatar-7.png]
[codervent.com/snacked/demo/ltr/assets/images/avatars/avatar-8.png]
[codervent.com/snacked/demo/ltr/assets/images/avatars/avatar-9.png]
[codervent.com/snacked/demo/ltr/assets/images/avatars/avatar-10.png]
[codervent.com/snacked/demo/ltr/component-media-object.html]
[codervent.com/snacked/demo/ltr/pages-user-profile.html]
[codervent.com/snacked/demo/ltr/ecommerce-orders-detail.html]
[cdn.jsdelivr.net/npm/bootstrap-icons@1.9.1/font/bootstrap-icons.css]
[codervent.com/snacked/demo/ltr/assets/plugins/apexcharts-bundle/js/apexcharts.min.js]
[codervent.com/snacked/demo/ltr/assets/js/index2.js]
[codervent.com/snacked/demo/ltr/index2.html]
[codervent.com/snacked/demo/ltr/assets/images/brand-logo-2.png]
[codervent.com/snacked/demo/ltr/authentication-signin-with-header-footer.html]
[codervent.com/snacked/demo/ltr/assets/images/error/auth-img-register3.png]
[codervent.com/snacked/demo/ltr/authentication-signup-with-header-footer.html]
[codervent.com/snacked/demo/ltr/assets/plugins/vectormap/jquery-jvectormap-2.0.2.css]
[codervent.com/snacked/demo/ltr/assets/plugins/chartjs/js/Chart.min.js]
[codervent.com/snacked/demo/ltr/assets/plugins/chartjs/js/Chart.extension.js]
[codervent.com/snacked/demo/ltr/assets/plugins/vectormap/jquery-jvectormap-2.0.2.min.js]
[codervent.com/snacked/demo/ltr/assets/plugins/vectormap/jquery-jvectormap-world-mill-en.js]
[codervent.com/snacked/demo/ltr/assets/js/index.js]
[codervent.com/snacked/demo/ltr/index.html]
[codervent.com/snacked/demo/ltr/app-emailread.html]
[codervent.com/snacked/demo/ltr/assets/js/app-emailbox.js]
[codervent.com/snacked/demo/ltr/app-emailbox.html]
[codervent.com/snacked/demo/ltr/assets/images/avatars/avatar-11.png]
[codervent.com/snacked/demo/ltr/assets/js/app-chat-box.js]
[codervent.com/snacked/demo/ltr/app-chat-box.html]
[codervent.com/snacked/demo/ltr/app-file-manager.html]
[codervent.com/snacked/demo/ltr/assets/js/todo.js]
[codervent.com/snacked/demo/ltr/app-to-do.html]
[codervent.com/snacked/demo/ltr/app-invoice.html]
[codervent.com/snacked/demo/ltr/assets/plugins/fullcalendar/css/main.min.css]
[codervent.com/snacked/demo/ltr/app-fullcalender.html]
[codervent.com/snacked/demo/ltr/assets/plugins/easyPieChart/jquery.easypiechart.js]
[codervent.com/snacked/demo/ltr/assets/plugins/fullcalendar/js/main.min.js]
[codervent.com/snacked/demo/ltr/assets/js/widgets.js]
[codervent.com/snacked/demo/ltr/widgets.html]
[codervent.com/snacked/demo/ltr/ecommerce-products-list.html]
[codervent.com/snacked/demo/ltr/ecommerce-products-categories.html]
[codervent.com/snacked/demo/ltr/ecommerce-add-new-product.html]
[codervent.com/snacked/demo/ltr/ecommerce-add-new-product-2.html]
[codervent.com/snacked/demo/ltr/ecommerce-transactions.html]
[codervent.com/snacked/demo/ltr/component-alerts.html]
[codervent.com/snacked/demo/ltr/component-accordions.html]
[codervent.com/snacked/demo/ltr/component-badges.html]
[codervent.com/snacked/demo/ltr/component-buttons.html]
[codervent.com/snacked/demo/ltr/assets/images/gallery/01.png]
[codervent.com/snacked/demo/ltr/assets/images/gallery/02.png]
[codervent.com/snacked/demo/ltr/assets/images/gallery/03.png]
[codervent.com/snacked/demo/ltr/assets/images/gallery/04.png]
[codervent.com/snacked/demo/ltr/assets/images/gallery/05.png]
[codervent.com/snacked/demo/ltr/assets/images/gallery/06.png]
[codervent.com/snacked/demo/ltr/assets/images/gallery/11.png]
[codervent.com/snacked/demo/ltr/assets/images/gallery/12.png]
[codervent.com/snacked/demo/ltr/assets/images/gallery/07.png]
[codervent.com/snacked/demo/ltr/assets/images/gallery/08.png]
[codervent.com/snacked/demo/ltr/assets/images/gallery/09.png]
[codervent.com/snacked/demo/ltr/assets/images/gallery/10.png]
[codervent.com/snacked/demo/ltr/component-cards.html]
[codervent.com/snacked/demo/ltr/assets/images/gallery/17.png]
[codervent.com/snacked/demo/ltr/assets/images/gallery/18.png]
[codervent.com/snacked/demo/ltr/assets/images/gallery/19.png]
[codervent.com/snacked/demo/ltr/assets/images/gallery/20.png]
[codervent.com/snacked/demo/ltr/assets/images/gallery/21.png]
[codervent.com/snacked/demo/ltr/assets/images/gallery/22.png]
[codervent.com/snacked/demo/ltr/assets/images/gallery/23.png]
[codervent.com/snacked/demo/ltr/assets/images/gallery/24.png]
[codervent.com/snacked/demo/ltr/assets/images/gallery/25.png]
[codervent.com/snacked/demo/ltr/assets/images/gallery/26.png]
[codervent.com/snacked/demo/ltr/assets/images/gallery/27.png]
[codervent.com/snacked/demo/ltr/assets/images/gallery/28.png]
[codervent.com/snacked/demo/ltr/assets/images/gallery/29.png]
[codervent.com/snacked/demo/ltr/assets/images/gallery/30.png]
[codervent.com/snacked/demo/ltr/assets/images/gallery/31.png]
[codervent.com/snacked/demo/ltr/assets/images/gallery/32.png]
[codervent.com/snacked/demo/ltr/assets/images/gallery/34.png]
[codervent.com/snacked/demo/ltr/component-carousels.html]
[codervent.com/snacked/demo/ltr/component-list-groups.html]
[codervent.com/snacked/demo/ltr/component-modals.html]
[codervent.com/snacked/demo/ltr/component-navs-tabs.html]
[codervent.com/snacked/demo/ltr/component-navbar.html]
[codervent.com/snacked/demo/ltr/component-paginations.html]
[codervent.com/snacked/demo/ltr/assets/js/component-popovers-tooltips.js]
[codervent.com/snacked/demo/ltr/component-popovers-tooltips.html]
[codervent.com/snacked/demo/ltr/component-progress-bars.html]
[codervent.com/snacked/demo/ltr/component-spinners.html]
[codervent.com/snacked/demo/ltr/assets/plugins/notifications/css/lobibox.min.css]
[codervent.com/snacked/demo/ltr/assets/plugins/notifications/js/lobibox.min.js]
[codervent.com/snacked/demo/ltr/assets/plugins/notifications/js/notifications.min.js]
[codervent.com/snacked/demo/ltr/assets/plugins/notifications/js/notification-custom-script.js]
[codervent.com/snacked/demo/ltr/component-notifications.html]
[codervent.com/snacked/demo/ltr/component-avtars-chips.html]
[codervent.com/snacked/demo/ltr/icons-line-icons.html]
[codervent.com/snacked/demo/ltr/icons-boxicons.html]
[codervent.com/snacked/demo/ltr/assets/js/icons-feather-icons.js]
[codervent.com/snacked/demo/ltr/icons-feather-icons.html]
[codervent.com/snacked/demo/ltr/assets/plugins/input-tags/css/tagsinput.css]
[codervent.com/snacked/demo/ltr/assets/plugins/input-tags/js/tagsinput.js]
[codervent.com/snacked/demo/ltr/form-elements.html]
[codervent.com/snacked/demo/ltr/form-input-group.html]
[codervent.com/snacked/demo/ltr/form-layouts.html]
[codervent.com/snacked/demo/ltr/form-validations.html]
[codervent.com/snacked/demo/ltr/assets/plugins/smart-wizard/css/smart_wizard_all.min.css]
[codervent.com/snacked/demo/ltr/assets/plugins/smart-wizard/js/jquery.smartWizard.min.js]
[codervent.com/snacked/demo/ltr/form-wizard.html]
[codervent.com/snacked/demo/ltr/assets/plugins/datetimepicker/css/classic.css]
[codervent.com/snacked/demo/ltr/assets/plugins/datetimepicker/css/classic.time.css]
[codervent.com/snacked/demo/ltr/assets/plugins/datetimepicker/css/classic.date.css]
[codervent.com/snacked/demo/ltr/assets/plugins/bootstrap-material-datetimepicker/css/bootstrap-material-datetimepicker.min.css]
[codervent.com/snacked/demo/ltr/assets/plugins/datetimepicker/js/legacy.js]
[codervent.com/snacked/demo/ltr/assets/plugins/datetimepicker/js/picker.js]
[codervent.com/snacked/demo/ltr/assets/plugins/datetimepicker/js/picker.time.js]
[codervent.com/snacked/demo/ltr/assets/plugins/datetimepicker/js/picker.date.js]
[codervent.com/snacked/demo/ltr/assets/plugins/bootstrap-material-datetimepicker/js/moment.min.js]
[codervent.com/snacked/demo/ltr/assets/plugins/bootstrap-material-datetimepicker/js/bootstrap-material-datetimepicker.min.js]
[codervent.com/snacked/demo/ltr/assets/js/form-date-time-pickes.js]
[codervent.com/snacked/demo/ltr/form-date-time-pickes.html]
[codervent.com/snacked/demo/ltr/assets/plugins/select2/css/select2.min.css]
[codervent.com/snacked/demo/ltr/assets/plugins/select2/css/select2-bootstrap4.css]
[codervent.com/snacked/demo/ltr/assets/plugins/select2/js/select2.min.js]
[codervent.com/snacked/demo/ltr/assets/js/form-select2.js]
[codervent.com/snacked/demo/ltr/form-select2.html]
[codervent.com/snacked/demo/ltr/table-basic-table.html]
[codervent.com/snacked/demo/ltr/table-advance-tables.html]
[codervent.com/snacked/demo/ltr/assets/plugins/datatable/css/dataTables.bootstrap5.min.css]
[codervent.com/snacked/demo/ltr/assets/plugins/datatable/js/dataTables.bootstrap5.min.js]
[codervent.com/snacked/demo/ltr/assets/js/table-datatable.js]
[codervent.com/snacked/demo/ltr/table-datatable.html]
[codervent.com/snacked/demo/ltr/authentication-signin.html]
[codervent.com/snacked/demo/ltr/authentication-signup.html]
[img.freepik.com/free-vector/man-thinking-concept-illustration_114360-7990b735.jpg]
[codervent.com/snacked/demo/ltr/authentication-forgot-password.html]
[img.freepik.com/free-vector/secure-data-concept-illustration_114360-25107136.jpg]
[codervent.com/snacked/demo/ltr/authentication-reset-password.html]
[codervent.com/snacked/demo/ltr/pages-timeline.html]
[codervent.com/snacked/demo/ltr/assets/images/error/404-error.png]
[codervent.com/snacked/demo/ltr/pages-errors-404-error.html]
[codervent.com/snacked/demo/ltr/assets/plugins/datatable/js/jquery.dataTables.min.js]
[codervent.com/snacked/demo/ltr/assets/images/error/505-error.png]
[codervent.com/snacked/demo/ltr/pages-errors-500-error.html]
[codervent.com/snacked/demo/ltr/pages-errors-coming-soon.html]
[codervent.com/snacked/demo/ltr/pages-blank-page.html]
[codervent.com/snacked/demo/ltr/pages-faq.html]
[codervent.com/snacked/demo/ltr/pages-pricing-tables.html]
[codervent.com/snacked/demo/ltr/assets/plugins/apexcharts-bundle/js/apex-custom.js]
[codervent.com/snacked/demo/ltr/charts-apex-chart.html]
[codervent.com/snacked/demo/ltr/assets/plugins/chartjs/js/chartjs-custom.js]
[codervent.com/snacked/demo/ltr/charts-chartjs.html]
[codervent.com/snacked/demo/ltr/assets/plugins/highcharts/css/dark-unica.css]
[codervent.com/snacked/demo/ltr/assets/plugins/highcharts/js/highcharts.js]
[codervent.com/snacked/demo/ltr/assets/plugins/highcharts/js/highcharts-more.js]
[codervent.com/snacked/demo/ltr/assets/plugins/highcharts/js/variable-pie.js]
[codervent.com/snacked/demo/ltr/assets/plugins/highcharts/js/solid-gauge.js]
[codervent.com/snacked/demo/ltr/assets/plugins/highcharts/js/highcharts-3d.js]
[codervent.com/snacked/demo/ltr/assets/plugins/highcharts/js/cylinder.js]
[codervent.com/snacked/demo/ltr/assets/plugins/highcharts/js/funnel3d.js]
[codervent.com/snacked/demo/ltr/assets/plugins/highcharts/js/exporting.js]
[codervent.com/snacked/demo/ltr/assets/plugins/highcharts/js/export-data.js]
[codervent.com/snacked/demo/ltr/assets/plugins/highcharts/js/accessibility.js]
[codervent.com/snacked/demo/ltr/assets/plugins/highcharts/js/highcharts-custom.script.js]
[codervent.com/snacked/demo/ltr/charts-highcharts.html]
[codervent.com/snacked/demo/ltr/assets/plugins/gmaps/map-custom-script.js]
[codervent.com/snacked/demo/ltr/map-google-maps.html]
[codervent.com/snacked/demo/ltr/assets/plugins/vectormap/jquery-jvectormap-in-mill.js]
[codervent.com/snacked/demo/ltr/assets/plugins/vectormap/jquery-jvectormap-us-aea-en.js]
[codervent.com/snacked/demo/ltr/assets/plugins/vectormap/jquery-jvectormap-uk-mill-en.js]
[codervent.com/snacked/demo/ltr/assets/plugins/vectormap/jquery-jvectormap-au-mill.js]
[codervent.com/snacked/demo/ltr/assets/plugins/vectormap/jvectormap.custom.js]
[codervent.com/snacked/demo/ltr/map-vector-maps.html]
[codervent.com/snacked/demo/ltr/assets/fonts/boxiconsd41d.svg]
[codervent.com/snacked/demo/ltr/assets/fonts/LineIcons.svg]
[codervent.com/snacked/demo/ltr/assets/flags/4x3/ad.svg]
[codervent.com/snacked/demo/ltr/assets/flags/1x1/ad.svg]
[codervent.com/snacked/demo/ltr/assets/flags/4x3/ae.svg]
[codervent.com/snacked/demo/ltr/assets/flags/1x1/ae.svg]
[codervent.com/snacked/demo/ltr/assets/flags/4x3/af.svg]
[codervent.com/snacked/demo/ltr/assets/flags/1x1/af.svg]
[codervent.com/snacked/demo/ltr/assets/flags/4x3/ag.svg]
[codervent.com/snacked/demo/ltr/assets/flags/1x1/ag.svg]
[codervent.com/snacked/demo/ltr/assets/flags/4x3/ai.svg]
[codervent.com/snacked/demo/ltr/assets/flags/1x1/ai.svg]
[codervent.com/snacked/demo/ltr/assets/flags/4x3/al.svg]
[codervent.com/snacked/demo/ltr/assets/flags/1x1/al.svg]
[codervent.com/snacked/demo/ltr/assets/flags/4x3/am.svg]
[codervent.com/snacked/demo/ltr/assets/flags/1x1/am.svg]
[codervent.com/snacked/demo/ltr/assets/flags/4x3/ao.svg]
[codervent.com/snacked/demo/ltr/assets/flags/1x1/ao.svg]
[codervent.com/snacked/demo/ltr/assets/flags/4x3/aq.svg]
[codervent.com/snacked/demo/ltr/assets/flags/1x1/aq.svg]
[codervent.com/snacked/demo/ltr/assets/flags/4x3/ar.svg]
[codervent.com/snacked/demo/ltr/assets/flags/1x1/ar.svg]
[codervent.com/snacked/demo/ltr/assets/flags/4x3/as.svg]
[codervent.com/snacked/demo/ltr/assets/flags/1x1/as.svg]
[codervent.com/snacked/demo/ltr/assets/flags/4x3/at.svg]
[codervent.com/snacked/demo/ltr/assets/flags/1x1/at.svg]
[codervent.com/snacked/demo/ltr/assets/flags/4x3/au.svg]
[codervent.com/snacked/demo/ltr/assets/flags/1x1/au.svg]
[codervent.com/snacked/demo/ltr/assets/flags/4x3/aw.svg]
[codervent.com/snacked/demo/ltr/assets/flags/1x1/aw.svg]
[codervent.com/snacked/demo/ltr/assets/flags/4x3/ax.svg]
[codervent.com/snacked/demo/ltr/assets/flags/1x1/ax.svg]
[codervent.com/snacked/demo/ltr/assets/flags/4x3/az.svg]
[codervent.com/snacked/demo/ltr/assets/flags/1x1/az.svg]
[codervent.com/snacked/demo/ltr/assets/flags/4x3/ba.svg]
[codervent.com/snacked/demo/ltr/assets/flags/1x1/ba.svg]
[codervent.com/snacked/demo/ltr/assets/flags/4x3/bb.svg]
[codervent.com/snacked/demo/ltr/assets/flags/1x1/bb.svg]
[codervent.com/snacked/demo/ltr/assets/flags/4x3/bd.svg]
[codervent.com/snacked/demo/ltr/assets/flags/1x1/bd.svg]
[codervent.com/snacked/demo/ltr/assets/flags/4x3/be.svg]
[codervent.com/snacked/demo/ltr/assets/flags/1x1/be.svg]
[codervent.com/snacked/demo/ltr/assets/flags/4x3/bf.svg]
[codervent.com/snacked/demo/ltr/assets/flags/1x1/bf.svg]
[codervent.com/snacked/demo/ltr/assets/flags/4x3/bg.svg]
[codervent.com/snacked/demo/ltr/assets/flags/1x1/bg.svg]
[codervent.com/snacked/demo/ltr/assets/flags/4x3/bh.svg]
[codervent.com/snacked/demo/ltr/assets/flags/1x1/bh.svg]
[codervent.com/snacked/demo/ltr/assets/flags/4x3/bi.svg]
[codervent.com/snacked/demo/ltr/assets/flags/1x1/bi.svg]
[codervent.com/snacked/demo/ltr/assets/flags/4x3/bj.svg]
[codervent.com/snacked/demo/ltr/assets/flags/1x1/bj.svg]
[codervent.com/snacked/demo/ltr/assets/flags/4x3/bl.svg]
[codervent.com/snacked/demo/ltr/assets/flags/1x1/bl.svg]
[codervent.com/snacked/demo/ltr/assets/flags/4x3/bm.svg]
[codervent.com/snacked/demo/ltr/assets/flags/1x1/bm.svg]
[codervent.com/snacked/demo/ltr/assets/flags/4x3/bn.svg]
[codervent.com/snacked/demo/ltr/assets/flags/1x1/bn.svg]
[codervent.com/snacked/demo/ltr/assets/flags/4x3/bo.svg]
[codervent.com/snacked/demo/ltr/assets/flags/1x1/bo.svg]
[codervent.com/snacked/demo/ltr/assets/flags/4x3/bq.svg]
[codervent.com/snacked/demo/ltr/assets/flags/1x1/bq.svg]
[codervent.com/snacked/demo/ltr/assets/flags/4x3/br.svg]
[codervent.com/snacked/demo/ltr/assets/flags/1x1/br.svg]
[codervent.com/snacked/demo/ltr/assets/flags/4x3/bs.svg]
[codervent.com/snacked/demo/ltr/assets/flags/1x1/bs.svg]
[codervent.com/snacked/demo/ltr/assets/flags/4x3/bt.svg]
[codervent.com/snacked/demo/ltr/assets/flags/1x1/bt.svg]
[codervent.com/snacked/demo/ltr/assets/flags/4x3/bv.svg]
[codervent.com/snacked/demo/ltr/assets/flags/1x1/bv.svg]
[codervent.com/snacked/demo/ltr/assets/flags/4x3/bw.svg]
[codervent.com/snacked/demo/ltr/assets/flags/1x1/bw.svg]
[codervent.com/snacked/demo/ltr/assets/flags/4x3/by.svg]
[codervent.com/snacked/demo/ltr/assets/flags/1x1/by.svg]
[codervent.com/snacked/demo/ltr/assets/flags/4x3/bz.svg]
[codervent.com/snacked/demo/ltr/assets/flags/1x1/bz.svg]
[codervent.com/snacked/demo/ltr/assets/flags/4x3/ca.svg]
[codervent.com/snacked/demo/ltr/assets/flags/1x1/ca.svg]
[codervent.com/snacked/demo/ltr/assets/flags/4x3/cc.svg]
[codervent.com/snacked/demo/ltr/assets/flags/1x1/cc.svg]
[codervent.com/snacked/demo/ltr/assets/flags/4x3/cd.svg]
[codervent.com/snacked/demo/ltr/assets/flags/1x1/cd.svg]
[codervent.com/snacked/demo/ltr/assets/flags/4x3/cf.svg]
[codervent.com/snacked/demo/ltr/assets/flags/1x1/cf.svg]
[codervent.com/snacked/demo/ltr/assets/flags/4x3/cg.svg]
[codervent.com/snacked/demo/ltr/assets/flags/1x1/cg.svg]
[codervent.com/snacked/demo/ltr/assets/flags/4x3/ch.svg]
[codervent.com/snacked/demo/ltr/assets/flags/1x1/ch.svg]
[codervent.com/snacked/demo/ltr/assets/flags/4x3/ci.svg]
[codervent.com/snacked/demo/ltr/assets/flags/1x1/ci.svg]
[codervent.com/snacked/demo/ltr/assets/flags/4x3/ck.svg]
[codervent.com/snacked/demo/ltr/assets/flags/1x1/ck.svg]
[codervent.com/snacked/demo/ltr/assets/flags/4x3/cl.svg]
[codervent.com/snacked/demo/ltr/assets/flags/1x1/cl.svg]
[codervent.com/snacked/demo/ltr/assets/flags/4x3/cm.svg]
[codervent.com/snacked/demo/ltr/assets/flags/1x1/cm.svg]
[codervent.com/snacked/demo/ltr/assets/flags/4x3/cn.svg]
[codervent.com/snacked/demo/ltr/assets/flags/1x1/cn.svg]
[codervent.com/snacked/demo/ltr/assets/flags/4x3/co.svg]
[codervent.com/snacked/demo/ltr/assets/flags/1x1/co.svg]
[codervent.com/snacked/demo/ltr/assets/flags/4x3/cr.svg]
[codervent.com/snacked/demo/ltr/assets/flags/1x1/cr.svg]
[codervent.com/snacked/demo/ltr/assets/flags/4x3/cu.svg]
[codervent.com/snacked/demo/ltr/assets/flags/1x1/cu.svg]
[codervent.com/snacked/demo/ltr/assets/flags/4x3/cv.svg]
[codervent.com/snacked/demo/ltr/assets/flags/1x1/cv.svg]
[codervent.com/snacked/demo/ltr/assets/flags/4x3/cw.svg]
[codervent.com/snacked/demo/ltr/assets/flags/1x1/cw.svg]
[codervent.com/snacked/demo/ltr/assets/flags/4x3/cx.svg]
[codervent.com/snacked/demo/ltr/assets/flags/1x1/cx.svg]
[codervent.com/snacked/demo/ltr/assets/flags/4x3/cy.svg]
[codervent.com/snacked/demo/ltr/assets/flags/1x1/cy.svg]
[codervent.com/snacked/demo/ltr/assets/flags/4x3/cz.svg]
[codervent.com/snacked/demo/ltr/assets/flags/1x1/cz.svg]
[codervent.com/snacked/demo/ltr/assets/flags/4x3/de.svg]
[codervent.com/snacked/demo/ltr/assets/flags/1x1/de.svg]
[codervent.com/snacked/demo/ltr/assets/flags/4x3/dj.svg]
[codervent.com/snacked/demo/ltr/assets/flags/1x1/dj.svg]
[codervent.com/snacked/demo/ltr/assets/flags/4x3/dk.svg]
[codervent.com/snacked/demo/ltr/assets/flags/1x1/dk.svg]
[codervent.com/snacked/demo/ltr/assets/flags/4x3/dm.svg]
[codervent.com/snacked/demo/ltr/assets/flags/1x1/dm.svg]
[codervent.com/snacked/demo/ltr/assets/flags/4x3/do.svg]
[codervent.com/snacked/demo/ltr/assets/flags/1x1/do.svg]
[codervent.com/snacked/demo/ltr/assets/flags/4x3/dz.svg]
[codervent.com/snacked/demo/ltr/assets/flags/1x1/dz.svg]
[codervent.com/snacked/demo/ltr/assets/flags/4x3/ec.svg]
[codervent.com/snacked/demo/ltr/assets/flags/1x1/ec.svg]
[codervent.com/snacked/demo/ltr/assets/flags/4x3/ee.svg]
[codervent.com/snacked/demo/ltr/assets/flags/1x1/ee.svg]
[codervent.com/snacked/demo/ltr/assets/flags/4x3/eg.svg]
[codervent.com/snacked/demo/ltr/assets/flags/1x1/eg.svg]
[codervent.com/snacked/demo/ltr/assets/flags/4x3/eh.svg]
[codervent.com/snacked/demo/ltr/assets/flags/1x1/eh.svg]
[codervent.com/snacked/demo/ltr/assets/flags/4x3/er.svg]
[codervent.com/snacked/demo/ltr/assets/flags/1x1/er.svg]
[codervent.com/snacked/demo/ltr/assets/flags/4x3/es.svg]
[codervent.com/snacked/demo/ltr/assets/flags/1x1/es.svg]
[codervent.com/snacked/demo/ltr/assets/flags/4x3/et.svg]
[codervent.com/snacked/demo/ltr/assets/flags/1x1/et.svg]
[codervent.com/snacked/demo/ltr/assets/flags/4x3/fi.svg]
[codervent.com/snacked/demo/ltr/assets/flags/1x1/fi.svg]
[codervent.com/snacked/demo/ltr/assets/flags/4x3/fj.svg]
[codervent.com/snacked/demo/ltr/assets/flags/1x1/fj.svg]
[codervent.com/snacked/demo/ltr/assets/flags/4x3/fk.svg]
[codervent.com/snacked/demo/ltr/assets/flags/1x1/fk.svg]
[codervent.com/snacked/demo/ltr/assets/flags/4x3/fm.svg]
[codervent.com/snacked/demo/ltr/assets/flags/1x1/fm.svg]
[codervent.com/snacked/demo/ltr/assets/flags/4x3/fo.svg]
[codervent.com/snacked/demo/ltr/assets/flags/1x1/fo.svg]
[codervent.com/snacked/demo/ltr/assets/flags/4x3/fr.svg]
[codervent.com/snacked/demo/ltr/assets/flags/1x1/fr.svg]
[codervent.com/snacked/demo/ltr/assets/flags/4x3/ga.svg]
[codervent.com/snacked/demo/ltr/assets/flags/1x1/ga.svg]
[codervent.com/snacked/demo/ltr/assets/flags/4x3/gb.svg]
[codervent.com/snacked/demo/ltr/assets/flags/1x1/gb.svg]
[codervent.com/snacked/demo/ltr/assets/flags/4x3/gd.svg]
[codervent.com/snacked/demo/ltr/assets/flags/1x1/gd.svg]
[codervent.com/snacked/demo/ltr/assets/flags/4x3/ge.svg]
[codervent.com/snacked/demo/ltr/assets/flags/1x1/ge.svg]
[codervent.com/snacked/demo/ltr/assets/flags/4x3/gf.svg]
[codervent.com/snacked/demo/ltr/assets/flags/1x1/gf.svg]
[codervent.com/snacked/demo/ltr/assets/flags/4x3/gg.svg]
[codervent.com/snacked/demo/ltr/assets/flags/1x1/gg.svg]
[codervent.com/snacked/demo/ltr/assets/flags/4x3/gh.svg]
[codervent.com/snacked/demo/ltr/assets/flags/1x1/gh.svg]
[codervent.com/snacked/demo/ltr/assets/flags/4x3/gi.svg]
[codervent.com/snacked/demo/ltr/assets/flags/1x1/gi.svg]
[codervent.com/snacked/demo/ltr/assets/flags/4x3/gl.svg]
[codervent.com/snacked/demo/ltr/assets/flags/1x1/gl.svg]
[codervent.com/snacked/demo/ltr/assets/flags/4x3/gm.svg]
[codervent.com/snacked/demo/ltr/assets/flags/1x1/gm.svg]
[codervent.com/snacked/demo/ltr/assets/flags/4x3/gn.svg]
[codervent.com/snacked/demo/ltr/assets/flags/1x1/gn.svg]
[codervent.com/snacked/demo/ltr/assets/flags/4x3/gp.svg]
[codervent.com/snacked/demo/ltr/assets/flags/1x1/gp.svg]
[codervent.com/snacked/demo/ltr/assets/flags/4x3/gq.svg]
[codervent.com/snacked/demo/ltr/assets/flags/1x1/gq.svg]
[codervent.com/snacked/demo/ltr/assets/flags/4x3/gr.svg]
[codervent.com/snacked/demo/ltr/assets/flags/1x1/gr.svg]
[codervent.com/snacked/demo/ltr/assets/flags/4x3/gs.svg]
[codervent.com/snacked/demo/ltr/assets/flags/1x1/gs.svg]
[codervent.com/snacked/demo/ltr/assets/flags/4x3/gt.svg]
[codervent.com/snacked/demo/ltr/assets/flags/1x1/gt.svg]
[codervent.com/snacked/demo/ltr/assets/flags/4x3/gu.svg]
[codervent.com/snacked/demo/ltr/assets/flags/1x1/gu.svg]
[codervent.com/snacked/demo/ltr/assets/flags/4x3/gw.svg]
[codervent.com/snacked/demo/ltr/assets/flags/1x1/gw.svg]
[codervent.com/snacked/demo/ltr/assets/flags/4x3/gy.svg]
[codervent.com/snacked/demo/ltr/assets/flags/1x1/gy.svg]
[codervent.com/snacked/demo/ltr/assets/flags/4x3/hk.svg]
[codervent.com/snacked/demo/ltr/assets/flags/1x1/hk.svg]
[codervent.com/snacked/demo/ltr/assets/flags/4x3/hm.svg]
[codervent.com/snacked/demo/ltr/assets/flags/1x1/hm.svg]
[codervent.com/snacked/demo/ltr/assets/flags/4x3/hn.svg]
[codervent.com/snacked/demo/ltr/assets/flags/1x1/hn.svg]
[codervent.com/snacked/demo/ltr/assets/flags/4x3/hr.svg]
[codervent.com/snacked/demo/ltr/assets/flags/1x1/hr.svg]
[codervent.com/snacked/demo/ltr/assets/flags/4x3/ht.svg]
[codervent.com/snacked/demo/ltr/assets/flags/1x1/ht.svg]
[codervent.com/snacked/demo/ltr/assets/flags/4x3/hu.svg]
[codervent.com/snacked/demo/ltr/assets/flags/1x1/hu.svg]
[codervent.com/snacked/demo/ltr/assets/flags/4x3/id.svg]
[codervent.com/snacked/demo/ltr/assets/flags/1x1/id.svg]
[codervent.com/snacked/demo/ltr/assets/flags/4x3/ie.svg]
[codervent.com/snacked/demo/ltr/assets/flags/1x1/ie.svg]
[codervent.com/snacked/demo/ltr/assets/flags/4x3/il.svg]
[codervent.com/snacked/demo/ltr/assets/flags/1x1/il.svg]
[codervent.com/snacked/demo/ltr/assets/flags/4x3/im.svg]
[codervent.com/snacked/demo/ltr/assets/flags/1x1/im.svg]
[codervent.com/snacked/demo/ltr/assets/flags/4x3/in.svg]
[codervent.com/snacked/demo/ltr/assets/flags/1x1/in.svg]
[codervent.com/snacked/demo/ltr/assets/flags/4x3/io.svg]
[codervent.com/snacked/demo/ltr/assets/flags/1x1/io.svg]
[codervent.com/snacked/demo/ltr/assets/flags/4x3/iq.svg]
[codervent.com/snacked/demo/ltr/assets/flags/1x1/iq.svg]
[codervent.com/snacked/demo/ltr/assets/flags/4x3/ir.svg]
[codervent.com/snacked/demo/ltr/assets/flags/1x1/ir.svg]
[codervent.com/snacked/demo/ltr/assets/flags/4x3/is.svg]
[codervent.com/snacked/demo/ltr/assets/flags/1x1/is.svg]
[codervent.com/snacked/demo/ltr/assets/flags/4x3/it.svg]
[codervent.com/snacked/demo/ltr/assets/flags/1x1/it.svg]
[codervent.com/snacked/demo/ltr/assets/flags/4x3/je.svg]
[codervent.com/snacked/demo/ltr/assets/flags/1x1/je.svg]
[codervent.com/snacked/demo/ltr/assets/flags/4x3/jm.svg]
[codervent.com/snacked/demo/ltr/assets/flags/1x1/jm.svg]
[codervent.com/snacked/demo/ltr/assets/flags/4x3/jo.svg]
[codervent.com/snacked/demo/ltr/assets/flags/1x1/jo.svg]
[codervent.com/snacked/demo/ltr/assets/flags/4x3/jp.svg]
[codervent.com/snacked/demo/ltr/assets/flags/1x1/jp.svg]
[codervent.com/snacked/demo/ltr/assets/flags/4x3/ke.svg]
[codervent.com/snacked/demo/ltr/assets/flags/1x1/ke.svg]
[codervent.com/snacked/demo/ltr/assets/flags/4x3/kg.svg]
[codervent.com/snacked/demo/ltr/assets/flags/1x1/kg.svg]
[codervent.com/snacked/demo/ltr/assets/flags/4x3/kh.svg]
[codervent.com/snacked/demo/ltr/assets/flags/1x1/kh.svg]
[codervent.com/snacked/demo/ltr/assets/flags/4x3/ki.svg]
[codervent.com/snacked/demo/ltr/assets/flags/1x1/ki.svg]
[codervent.com/snacked/demo/ltr/assets/flags/4x3/km.svg]
[codervent.com/snacked/demo/ltr/assets/flags/1x1/km.svg]
[codervent.com/snacked/demo/ltr/assets/flags/4x3/kn.svg]
[codervent.com/snacked/demo/ltr/assets/flags/1x1/kn.svg]
[codervent.com/snacked/demo/ltr/assets/flags/4x3/kp.svg]
[codervent.com/snacked/demo/ltr/assets/flags/1x1/kp.svg]
[codervent.com/snacked/demo/ltr/assets/flags/4x3/kr.svg]
[codervent.com/snacked/demo/ltr/assets/flags/1x1/kr.svg]
[codervent.com/snacked/demo/ltr/assets/flags/4x3/kw.svg]
[codervent.com/snacked/demo/ltr/assets/flags/1x1/kw.svg]
[codervent.com/snacked/demo/ltr/assets/flags/4x3/ky.svg]
[codervent.com/snacked/demo/ltr/assets/flags/1x1/ky.svg]
[codervent.com/snacked/demo/ltr/assets/flags/4x3/kz.svg]
[codervent.com/snacked/demo/ltr/assets/flags/1x1/kz.svg]
[codervent.com/snacked/demo/ltr/assets/flags/4x3/la.svg]
[codervent.com/snacked/demo/ltr/assets/flags/1x1/la.svg]
[codervent.com/snacked/demo/ltr/assets/flags/4x3/lb.svg]
[codervent.com/snacked/demo/ltr/assets/flags/1x1/lb.svg]
[codervent.com/snacked/demo/ltr/assets/flags/4x3/lc.svg]
[codervent.com/snacked/demo/ltr/assets/flags/1x1/lc.svg]
[codervent.com/snacked/demo/ltr/assets/flags/4x3/li.svg]
[codervent.com/snacked/demo/ltr/assets/flags/1x1/li.svg]
[codervent.com/snacked/demo/ltr/assets/flags/4x3/lk.svg]
[codervent.com/snacked/demo/ltr/assets/flags/1x1/lk.svg]
[codervent.com/snacked/demo/ltr/assets/flags/4x3/lr.svg]
[codervent.com/snacked/demo/ltr/assets/flags/1x1/lr.svg]
[codervent.com/snacked/demo/ltr/assets/flags/4x3/ls.svg]
[codervent.com/snacked/demo/ltr/assets/flags/1x1/ls.svg]
[codervent.com/snacked/demo/ltr/assets/flags/4x3/lt.svg]
[codervent.com/snacked/demo/ltr/assets/flags/1x1/lt.svg]
[codervent.com/snacked/demo/ltr/assets/flags/4x3/lu.svg]
[codervent.com/snacked/demo/ltr/assets/flags/1x1/lu.svg]
[codervent.com/snacked/demo/ltr/assets/flags/4x3/lv.svg]
[codervent.com/snacked/demo/ltr/assets/flags/1x1/lv.svg]
[codervent.com/snacked/demo/ltr/assets/flags/4x3/ly.svg]
[codervent.com/snacked/demo/ltr/assets/flags/1x1/ly.svg]
[codervent.com/snacked/demo/ltr/assets/flags/4x3/ma.svg]
[codervent.com/snacked/demo/ltr/assets/flags/1x1/ma.svg]
[codervent.com/snacked/demo/ltr/assets/flags/4x3/mc.svg]
[codervent.com/snacked/demo/ltr/assets/flags/1x1/mc.svg]
[codervent.com/snacked/demo/ltr/assets/flags/4x3/md.svg]
[codervent.com/snacked/demo/ltr/assets/flags/1x1/md.svg]
[codervent.com/snacked/demo/ltr/assets/flags/4x3/me.svg]
[codervent.com/snacked/demo/ltr/assets/flags/1x1/me.svg]
[codervent.com/snacked/demo/ltr/assets/flags/4x3/mf.svg]
[codervent.com/snacked/demo/ltr/assets/flags/1x1/mf.svg]
[codervent.com/snacked/demo/ltr/assets/flags/4x3/mg.svg]
[codervent.com/snacked/demo/ltr/assets/flags/1x1/mg.svg]
[codervent.com/snacked/demo/ltr/assets/flags/4x3/mh.svg]
[codervent.com/snacked/demo/ltr/assets/flags/1x1/mh.svg]
[codervent.com/snacked/demo/ltr/assets/flags/4x3/mk.svg]
[codervent.com/snacked/demo/ltr/assets/flags/1x1/mk.svg]
[codervent.com/snacked/demo/ltr/assets/flags/4x3/ml.svg]
[codervent.com/snacked/demo/ltr/assets/flags/1x1/ml.svg]
[codervent.com/snacked/demo/ltr/assets/flags/4x3/mm.svg]
[codervent.com/snacked/demo/ltr/assets/flags/1x1/mm.svg]
[codervent.com/snacked/demo/ltr/assets/flags/4x3/mn.svg]
[codervent.com/snacked/demo/ltr/assets/flags/1x1/mn.svg]
[codervent.com/snacked/demo/ltr/assets/flags/4x3/mo.svg]
[codervent.com/snacked/demo/ltr/assets/flags/1x1/mo.svg]
[codervent.com/snacked/demo/ltr/assets/flags/4x3/mp.svg]
[codervent.com/snacked/demo/ltr/assets/flags/1x1/mp.svg]
[codervent.com/snacked/demo/ltr/assets/flags/4x3/mq.svg]
[codervent.com/snacked/demo/ltr/assets/flags/1x1/mq.svg]
[codervent.com/snacked/demo/ltr/assets/flags/4x3/mr.svg]
[codervent.com/snacked/demo/ltr/assets/flags/1x1/mr.svg]
[codervent.com/snacked/demo/ltr/assets/flags/4x3/ms.svg]
[codervent.com/snacked/demo/ltr/assets/flags/1x1/ms.svg]
[codervent.com/snacked/demo/ltr/assets/flags/4x3/mt.svg]
[codervent.com/snacked/demo/ltr/assets/flags/1x1/mt.svg]
[codervent.com/snacked/demo/ltr/assets/flags/4x3/mu.svg]
[codervent.com/snacked/demo/ltr/assets/flags/1x1/mu.svg]
[codervent.com/snacked/demo/ltr/assets/flags/4x3/mv.svg]
[codervent.com/snacked/demo/ltr/assets/flags/1x1/mv.svg]
[codervent.com/snacked/demo/ltr/assets/flags/4x3/mw.svg]
[codervent.com/snacked/demo/ltr/assets/flags/1x1/mw.svg]
[codervent.com/snacked/demo/ltr/assets/flags/4x3/mx.svg]
[codervent.com/snacked/demo/ltr/assets/flags/1x1/mx.svg]
[codervent.com/snacked/demo/ltr/assets/flags/4x3/my.svg]
[codervent.com/snacked/demo/ltr/assets/flags/1x1/my.svg]
[codervent.com/snacked/demo/ltr/assets/flags/4x3/mz.svg]
[codervent.com/snacked/demo/ltr/assets/flags/1x1/mz.svg]
[codervent.com/snacked/demo/ltr/assets/flags/4x3/na.svg]
[codervent.com/snacked/demo/ltr/assets/flags/1x1/na.svg]
[codervent.com/snacked/demo/ltr/assets/flags/4x3/nc.svg]
[codervent.com/snacked/demo/ltr/assets/flags/1x1/nc.svg]
[codervent.com/snacked/demo/ltr/assets/flags/4x3/ne.svg]
[codervent.com/snacked/demo/ltr/assets/flags/1x1/ne.svg]
[codervent.com/snacked/demo/ltr/assets/flags/4x3/nf.svg]
[codervent.com/snacked/demo/ltr/assets/flags/1x1/nf.svg]
[codervent.com/snacked/demo/ltr/assets/flags/4x3/ng.svg]
[codervent.com/snacked/demo/ltr/assets/flags/1x1/ng.svg]
[codervent.com/snacked/demo/ltr/assets/flags/4x3/ni.svg]
[codervent.com/snacked/demo/ltr/assets/flags/1x1/ni.svg]
[codervent.com/snacked/demo/ltr/assets/flags/4x3/nl.svg]
[codervent.com/snacked/demo/ltr/assets/flags/1x1/nl.svg]
[codervent.com/snacked/demo/ltr/assets/flags/4x3/no.svg]
[codervent.com/snacked/demo/ltr/assets/flags/1x1/no.svg]
[codervent.com/snacked/demo/ltr/assets/flags/4x3/np.svg]
[codervent.com/snacked/demo/ltr/assets/flags/1x1/np.svg]
[codervent.com/snacked/demo/ltr/assets/flags/4x3/nr.svg]
[codervent.com/snacked/demo/ltr/assets/flags/1x1/nr.svg]
[codervent.com/snacked/demo/ltr/assets/flags/4x3/nu.svg]
[codervent.com/snacked/demo/ltr/assets/flags/1x1/nu.svg]
[codervent.com/snacked/demo/ltr/assets/flags/4x3/nz.svg]
[codervent.com/snacked/demo/ltr/assets/flags/1x1/nz.svg]
[codervent.com/snacked/demo/ltr/assets/flags/4x3/om.svg]
[codervent.com/snacked/demo/ltr/assets/flags/1x1/om.svg]
[codervent.com/snacked/demo/ltr/assets/flags/4x3/pa.svg]
[codervent.com/snacked/demo/ltr/assets/flags/1x1/pa.svg]
[codervent.com/snacked/demo/ltr/assets/flags/4x3/pe.svg]
[codervent.com/snacked/demo/ltr/assets/flags/1x1/pe.svg]
[codervent.com/snacked/demo/ltr/assets/flags/4x3/pf.svg]
[codervent.com/snacked/demo/ltr/assets/flags/1x1/pf.svg]
[codervent.com/snacked/demo/ltr/assets/flags/4x3/pg.svg]
[codervent.com/snacked/demo/ltr/assets/flags/1x1/pg.svg]
[codervent.com/snacked/demo/ltr/assets/flags/4x3/ph.svg]
[codervent.com/snacked/demo/ltr/assets/flags/1x1/ph.svg]
[codervent.com/snacked/demo/ltr/assets/flags/4x3/pk.svg]
[codervent.com/snacked/demo/ltr/assets/flags/1x1/pk.svg]
[codervent.com/snacked/demo/ltr/assets/flags/4x3/pl.svg]
[codervent.com/snacked/demo/ltr/assets/flags/1x1/pl.svg]
[codervent.com/snacked/demo/ltr/assets/flags/4x3/pm.svg]
[codervent.com/snacked/demo/ltr/assets/flags/1x1/pm.svg]
[codervent.com/snacked/demo/ltr/assets/flags/4x3/pn.svg]
[codervent.com/snacked/demo/ltr/assets/flags/1x1/pn.svg]
[codervent.com/snacked/demo/ltr/assets/flags/4x3/pr.svg]
[codervent.com/snacked/demo/ltr/assets/flags/1x1/pr.svg]
[codervent.com/snacked/demo/ltr/assets/flags/4x3/ps.svg]
[codervent.com/snacked/demo/ltr/assets/flags/1x1/ps.svg]
[codervent.com/snacked/demo/ltr/assets/flags/4x3/pt.svg]
[codervent.com/snacked/demo/ltr/assets/flags/1x1/pt.svg]
[codervent.com/snacked/demo/ltr/assets/flags/4x3/pw.svg]
[codervent.com/snacked/demo/ltr/assets/flags/1x1/pw.svg]
[codervent.com/snacked/demo/ltr/assets/flags/4x3/py.svg]
[codervent.com/snacked/demo/ltr/assets/flags/1x1/py.svg]
[codervent.com/snacked/demo/ltr/assets/flags/4x3/qa.svg]
[codervent.com/snacked/demo/ltr/assets/flags/1x1/qa.svg]
[codervent.com/snacked/demo/ltr/assets/flags/4x3/re.svg]
[codervent.com/snacked/demo/ltr/assets/flags/1x1/re.svg]
[codervent.com/snacked/demo/ltr/assets/flags/4x3/ro.svg]
[codervent.com/snacked/demo/ltr/assets/flags/1x1/ro.svg]
[codervent.com/snacked/demo/ltr/assets/flags/4x3/rs.svg]
[codervent.com/snacked/demo/ltr/assets/flags/1x1/rs.svg]
[codervent.com/snacked/demo/ltr/assets/flags/4x3/ru.svg]
[codervent.com/snacked/demo/ltr/assets/flags/1x1/ru.svg]
[codervent.com/snacked/demo/ltr/assets/flags/4x3/rw.svg]
[codervent.com/snacked/demo/ltr/assets/flags/1x1/rw.svg]
[codervent.com/snacked/demo/ltr/assets/flags/4x3/sa.svg]
[codervent.com/snacked/demo/ltr/assets/flags/1x1/sa.svg]
[codervent.com/snacked/demo/ltr/assets/flags/4x3/sb.svg]
[codervent.com/snacked/demo/ltr/assets/flags/1x1/sb.svg]
[codervent.com/snacked/demo/ltr/assets/flags/4x3/sc.svg]
[codervent.com/snacked/demo/ltr/assets/flags/1x1/sc.svg]
[codervent.com/snacked/demo/ltr/assets/flags/4x3/sd.svg]
[codervent.com/snacked/demo/ltr/assets/flags/1x1/sd.svg]
[codervent.com/snacked/demo/ltr/assets/flags/4x3/se.svg]
[codervent.com/snacked/demo/ltr/assets/flags/1x1/se.svg]
[codervent.com/snacked/demo/ltr/assets/flags/4x3/sg.svg]
[codervent.com/snacked/demo/ltr/assets/flags/1x1/sg.svg]
[codervent.com/snacked/demo/ltr/assets/flags/4x3/sh.svg]
[codervent.com/snacked/demo/ltr/assets/flags/1x1/sh.svg]
[codervent.com/snacked/demo/ltr/assets/flags/4x3/si.svg]
[codervent.com/snacked/demo/ltr/assets/flags/1x1/si.svg]
[codervent.com/snacked/demo/ltr/assets/flags/4x3/sj.svg]
[codervent.com/snacked/demo/ltr/assets/flags/1x1/sj.svg]
[codervent.com/snacked/demo/ltr/assets/flags/4x3/sk.svg]
[codervent.com/snacked/demo/ltr/assets/flags/1x1/sk.svg]
[codervent.com/snacked/demo/ltr/assets/flags/4x3/sl.svg]
[codervent.com/snacked/demo/ltr/assets/flags/1x1/sl.svg]
[codervent.com/snacked/demo/ltr/assets/flags/4x3/sm.svg]
[codervent.com/snacked/demo/ltr/assets/flags/1x1/sm.svg]
[codervent.com/snacked/demo/ltr/assets/flags/4x3/sn.svg]
[codervent.com/snacked/demo/ltr/assets/flags/1x1/sn.svg]
[codervent.com/snacked/demo/ltr/assets/flags/4x3/so.svg]
[codervent.com/snacked/demo/ltr/assets/flags/1x1/so.svg]
[codervent.com/snacked/demo/ltr/assets/flags/4x3/sr.svg]
[codervent.com/snacked/demo/ltr/assets/flags/1x1/sr.svg]
[codervent.com/snacked/demo/ltr/assets/flags/4x3/ss.svg]
[codervent.com/snacked/demo/ltr/assets/flags/1x1/ss.svg]
[codervent.com/snacked/demo/ltr/assets/flags/4x3/st.svg]
[codervent.com/snacked/demo/ltr/assets/flags/1x1/st.svg]
[codervent.com/snacked/demo/ltr/assets/flags/4x3/sv.svg]
[codervent.com/snacked/demo/ltr/assets/flags/1x1/sv.svg]
[codervent.com/snacked/demo/ltr/assets/flags/4x3/sx.svg]
[codervent.com/snacked/demo/ltr/assets/flags/1x1/sx.svg]
[codervent.com/snacked/demo/ltr/assets/flags/4x3/sy.svg]
[codervent.com/snacked/demo/ltr/assets/flags/1x1/sy.svg]
[codervent.com/snacked/demo/ltr/assets/flags/4x3/sz.svg]
[codervent.com/snacked/demo/ltr/assets/flags/1x1/sz.svg]
[codervent.com/snacked/demo/ltr/assets/flags/4x3/tc.svg]
[codervent.com/snacked/demo/ltr/assets/flags/1x1/tc.svg]
[codervent.com/snacked/demo/ltr/assets/flags/4x3/td.svg]
[codervent.com/snacked/demo/ltr/assets/flags/1x1/td.svg]
[codervent.com/snacked/demo/ltr/assets/flags/4x3/tf.svg]
[codervent.com/snacked/demo/ltr/assets/flags/1x1/tf.svg]
[codervent.com/snacked/demo/ltr/assets/flags/4x3/tg.svg]
[codervent.com/snacked/demo/ltr/assets/flags/1x1/tg.svg]
[codervent.com/snacked/demo/ltr/assets/flags/4x3/th.svg]
[codervent.com/snacked/demo/ltr/assets/flags/1x1/th.svg]
[codervent.com/snacked/demo/ltr/assets/flags/4x3/tj.svg]
[codervent.com/snacked/demo/ltr/assets/flags/1x1/tj.svg]
[codervent.com/snacked/demo/ltr/assets/flags/4x3/tk.svg]
[codervent.com/snacked/demo/ltr/assets/flags/1x1/tk.svg]
[codervent.com/snacked/demo/ltr/assets/flags/4x3/tl.svg]
[codervent.com/snacked/demo/ltr/assets/flags/1x1/tl.svg]
[codervent.com/snacked/demo/ltr/assets/flags/4x3/tm.svg]
[codervent.com/snacked/demo/ltr/assets/flags/1x1/tm.svg]
[codervent.com/snacked/demo/ltr/assets/flags/4x3/tn.svg]
[codervent.com/snacked/demo/ltr/assets/flags/1x1/tn.svg]
[codervent.com/snacked/demo/ltr/assets/flags/4x3/to.svg]
[codervent.com/snacked/demo/ltr/assets/flags/1x1/to.svg]
[codervent.com/snacked/demo/ltr/assets/flags/4x3/tr.svg]
[codervent.com/snacked/demo/ltr/assets/flags/1x1/tr.svg]
[codervent.com/snacked/demo/ltr/assets/flags/4x3/tt.svg]
[codervent.com/snacked/demo/ltr/assets/flags/1x1/tt.svg]
[codervent.com/snacked/demo/ltr/assets/flags/4x3/tv.svg]
[codervent.com/snacked/demo/ltr/assets/flags/1x1/tv.svg]
[codervent.com/snacked/demo/ltr/assets/flags/4x3/tw.svg]
[codervent.com/snacked/demo/ltr/assets/flags/1x1/tw.svg]
[codervent.com/snacked/demo/ltr/assets/flags/4x3/tz.svg]
[codervent.com/snacked/demo/ltr/assets/flags/1x1/tz.svg]
[codervent.com/snacked/demo/ltr/assets/flags/4x3/ua.svg]
[codervent.com/snacked/demo/ltr/assets/flags/1x1/ua.svg]
[codervent.com/snacked/demo/ltr/assets/flags/4x3/ug.svg]
[codervent.com/snacked/demo/ltr/assets/flags/1x1/ug.svg]
[codervent.com/snacked/demo/ltr/assets/flags/4x3/um.svg]
[codervent.com/snacked/demo/ltr/assets/flags/1x1/um.svg]
[codervent.com/snacked/demo/ltr/assets/flags/4x3/us.svg]
[codervent.com/snacked/demo/ltr/assets/flags/1x1/us.svg]
[codervent.com/snacked/demo/ltr/assets/flags/4x3/uy.svg]
[codervent.com/snacked/demo/ltr/assets/flags/1x1/uy.svg]
[codervent.com/snacked/demo/ltr/assets/flags/4x3/uz.svg]
[codervent.com/snacked/demo/ltr/assets/flags/1x1/uz.svg]
[codervent.com/snacked/demo/ltr/assets/flags/4x3/va.svg]
[codervent.com/snacked/demo/ltr/assets/flags/1x1/va.svg]
[codervent.com/snacked/demo/ltr/assets/flags/4x3/vc.svg]
[codervent.com/snacked/demo/ltr/assets/flags/1x1/vc.svg]
[codervent.com/snacked/demo/ltr/assets/flags/4x3/ve.svg]
[codervent.com/snacked/demo/ltr/assets/flags/1x1/ve.svg]
[codervent.com/snacked/demo/ltr/assets/flags/4x3/vg.svg]
[codervent.com/snacked/demo/ltr/assets/flags/1x1/vg.svg]
[codervent.com/snacked/demo/ltr/assets/flags/4x3/vi.svg]
[codervent.com/snacked/demo/ltr/assets/flags/1x1/vi.svg]
[codervent.com/snacked/demo/ltr/assets/flags/4x3/vn.svg]
[codervent.com/snacked/demo/ltr/assets/flags/1x1/vn.svg]
[codervent.com/snacked/demo/ltr/assets/flags/4x3/vu.svg]
[codervent.com/snacked/demo/ltr/assets/flags/1x1/vu.svg]
[codervent.com/snacked/demo/ltr/assets/flags/4x3/wf.svg]
[codervent.com/snacked/demo/ltr/assets/flags/1x1/wf.svg]
[codervent.com/snacked/demo/ltr/assets/flags/4x3/ws.svg]
[codervent.com/snacked/demo/ltr/assets/flags/1x1/ws.svg]
[codervent.com/snacked/demo/ltr/assets/flags/4x3/ye.svg]
[codervent.com/snacked/demo/ltr/assets/flags/1x1/ye.svg]
[codervent.com/snacked/demo/ltr/assets/flags/4x3/yt.svg]
[codervent.com/snacked/demo/ltr/assets/flags/1x1/yt.svg]
[codervent.com/snacked/demo/ltr/assets/flags/4x3/za.svg]
[codervent.com/snacked/demo/ltr/assets/flags/1x1/za.svg]
[codervent.com/snacked/demo/ltr/assets/flags/4x3/zm.svg]
[codervent.com/snacked/demo/ltr/assets/flags/1x1/zm.svg]
[codervent.com/snacked/demo/ltr/assets/flags/4x3/zw.svg]
[codervent.com/snacked/demo/ltr/assets/flags/1x1/zw.svg]
[codervent.com/snacked/demo/ltr/assets/flags/4x3/es-ct.svg]
[codervent.com/snacked/demo/ltr/assets/flags/1x1/es-ct.svg]
[codervent.com/snacked/demo/ltr/assets/flags/4x3/eu.svg]
[codervent.com/snacked/demo/ltr/assets/flags/1x1/eu.svg]
[codervent.com/snacked/demo/ltr/assets/flags/4x3/gb-eng.svg]
[codervent.com/snacked/demo/ltr/assets/flags/1x1/gb-eng.svg]
[codervent.com/snacked/demo/ltr/assets/flags/4x3/gb-nir.svg]
[codervent.com/snacked/demo/ltr/assets/flags/1x1/gb-nir.svg]
[codervent.com/snacked/demo/ltr/assets/flags/4x3/gb-sct.svg]
[codervent.com/snacked/demo/ltr/assets/flags/1x1/gb-sct.svg]
[codervent.com/snacked/demo/ltr/assets/flags/4x3/gb-wls.svg]
[codervent.com/snacked/demo/ltr/assets/flags/1x1/gb-wls.svg]
[codervent.com/snacked/demo/ltr/assets/flags/4x3/un.svg]
[codervent.com/snacked/demo/ltr/assets/flags/1x1/un.svg]
[codervent.com/snacked/demo/ltr/assets/images/bg-themes/1.html]
[codervent.com/snacked/demo/ltr/assets/images/bg-themes/2.html]
[codervent.com/snacked/demo/ltr/assets/images/bg-themes/3.html]
[codervent.com/snacked/demo/ltr/assets/images/bg-themes/4.html]
[codervent.com/snacked/demo/ltr/assets/images/bg-themes/5.html]
[codervent.com/snacked/demo/ltr/assets/images/bg-themes/6.html]
[codervent.com/snacked/demo/ltr/assets/images/bg-themes/7.html]
[codervent.com/snacked/demo/ltr/assets/images/bg-themes/8.html]
[cdn.jsdelivr.net/npm/bootstrap-icons@1.9.1/font/fonts/bootstrap-iconsd862.woff2]
[cdn.jsdelivr.net/npm/bootstrap-icons@1.9.1/font/fonts/bootstrap-iconsd862.woff]
[cdn.jsdelivr.net/npm/bootstrap-icons@1.9.1/font/bootstrap-icons.css]
[codervent.com/snacked/demo/ltr/assets/images/error/auth-img-7.png]
[codervent.com/snacked/demo/ltr/authentication-signin-with-header-footer.html]
[codervent.com/snacked/demo/ltr/assets/plugins/vectormap/jquery-jvectormap-2.0.2.css]
[codervent.com/snacked/demo/ltr/assets/js/app-emailread.js]
[codervent.com/snacked/demo/ltr/app-emailread.html]
[codervent.com/snacked/demo/ltr/assets/plugins/fullcalendar/css/main.min.css]
[codervent.com/snacked/demo/ltr/assets/plugins/notifications/css/lobibox.min.css]
[codervent.com/snacked/demo/ltr/assets/plugins/input-tags/css/tagsinput.css]
[codervent.com/snacked/demo/ltr/assets/plugins/smart-wizard/css/smart_wizard_all.min.css]
[codervent.com/snacked/demo/ltr/assets/plugins/datetimepicker/css/classic.css]
[codervent.com/snacked/demo/ltr/assets/plugins/datetimepicker/css/classic.time.css]
[codervent.com/snacked/demo/ltr/assets/plugins/datetimepicker/css/classic.date.css]
[codervent.com/snacked/demo/ltr/assets/plugins/bootstrap-material-datetimepicker/css/bootstrap-material-datetimepicker.min.css]
[codervent.com/snacked/demo/ltr/assets/plugins/select2/css/select2.min.css]
[codervent.com/snacked/demo/ltr/assets/plugins/select2/css/select2-bootstrap4.css]
[codervent.com/snacked/demo/ltr/assets/plugins/datatable/css/dataTables.bootstrap5.min.css]
[codervent.com/snacked/demo/ltr/assets/images/icons/search.svg]
[codervent.com/snacked/demo/ltr/assets/plugins/highcharts/css/dark-unica.css]
